// Jest Snapshot v1, https://goo.gl/fbAQLP

exports[`Header renders correctly 1`] = `
<header
  className="sc-bdVaJa gwrZYx"
>
  <h1>
    <a
      href="https://github.com/odin-public/RESTED-APS"
      rel="noopener noreferrer"
      target="_blank"
    >
      <img
        alt="RESTED APS"
        className="logo"
        height="40"
        src="img/rested-aps-logo.png"
      />
      <span>
        RESTED APS
      </span>
    </a>
  </h1>
</header>
`;
