// Jest Snapshot v1, https://goo.gl/fbAQLP

exports[`Header renders correctly 1`] = `
<header
  className="cdHpBO"
>
  <h1>
    <a
      className="gRAapk"
      href="https://github.com/gear54rus/RESTED-APS"
      rel="noopener noreferrer"
      target="_blank"
    >
      <img
        className="logo"
        height="40"
        role="presentation"
        src="img/rested-aps-logo.png"
      />
      <span>
        RESTED APS
      </span>
    </a>
  </h1>
  <a
    href="https://chrome.google.com/webstore/detail/rested-aps/omkndfeccmeplaimlpaefimnimmniccl"
    rel="noopener noreferrer"
    target="_blank"
  >
    Also available for Google Chrome
     
    <img
      alt="Chrome icon"
      src="https://upload.wikimedia.org/wikipedia/commons/a/a5/Google_Chrome_icon_%28September_2014%29.svg"
      style={
        Object {
          "height": "2em",
        }
      }
    />
  </a>
</header>
`;
